// Jest Snapshot v1, https://goo.gl/fbAQLP

exports[`CourseDetail tests renders the course detail component correctly 1`] = `
<div>
  <div>
    <div
      class="detailContainer"
    >
      <div
        class="topContainer"
      >
        <div
          class="topWrapper"
        >
          <h1>
            Java Programming Masterclass for Software Developers
          </h1>
          <p>
            Learn Java In This Course And Become a Computer Programmer. Obtain valuable Core Java Skills And Java Certification
          </p>
          <div>
            11/2020 update
          </div>
          <button
            class="register"
          >
            Register the course
          </button>
        </div>
      </div>
      <div
        class="wrapper"
      >
        <div
          class="skills"
        >
          <h2>
            What you'll learn
          </h2>
          <ul>
            <li>
              Learn the core Java skills needed to apply for Java developer positions in just 14 hours.
            </li>
          </ul>
        </div>
      </div>
      <div
        class="wrapper"
      >
        <div
          class="content"
        >
          <h2>
            Course content
          </h2>
          <ol>
            <li>
              Java, a High Level Language with a Purpose.
            </li>
            <li>
              How Java Programming Works.
            </li>
          </ol>
        </div>
      </div>
      <div
        class="wrapper"
      >
        <div
          class="instructor"
        >
          <h2>
            Instructor
          </h2>
          <div
            class="name"
          >
            Kate Farley
          </div>
        </div>
      </div>
      <div
        class="wrapper"
      >
        <div
          class="feedbacks"
        >
          <h2>
            Student feedback
          </h2>
          <div
            class="reviewer"
          >
            Rafael Santos
          </div>
          <div
            class="feedback"
          >
            I'm really learning a LOT. To be honest some topics are extensive, and sometimes too heavy on detail (and a bit boring at first), but if you insist, Tim always finds a way to make it interesting again. 
          </div>
        </div>
      </div>
    </div>
  </div>
</div>
`;
