// Jest Snapshot v1, https://goo.gl/fbAQLP

exports[`Footer tests renders the Footer component correctly 1`] = `
<div>
  <div
    class="footerBlock"
  >
    <div
      class="listContainer"
    >
      <div
        class="title"
      >
        OnlineEdu
      </div>
      <div>
        <ul
          class="linksList"
        >
          <li>
            About
          </li>
          <li>
            Leadership
          </li>
          <li>
            Careers
          </li>
          <li>
            Catalog
          </li>
        </ul>
      </div>
    </div>
    <div
      class="listContainer"
    >
      <div
        class="title"
      >
        Community
      </div>
      <div>
        <ul
          class="linksList"
        >
          <li>
            Learners
          </li>
          <li>
            Blog
          </li>
          <li>
            Tech Blog
          </li>
        </ul>
      </div>
    </div>
    <div
      class="listContainer"
    >
      <div
        class="title"
      >
        More
      </div>
      <div>
        <ul
          class="linksList"
        >
          <li>
            Terms
          </li>
          <li>
            Privacy
          </li>
          <li>
            Help
          </li>
          <li>
            Contact
          </li>
        </ul>
      </div>
    </div>
    <div
      class="listContainer"
    >
      <div
        class="title"
      >
        Others
      </div>
    </div>
  </div>
</div>
`;
