// Jest Snapshot v1, https://goo.gl/fbAQLP

exports[`LinksList tests renders the LinksList component correctly 1`] = `
<div>
  <div>
    <ul
      class="linksList"
    >
      <li>
        About
      </li>
      <li>
        Leadership
      </li>
      <li>
        Careers
      </li>
      <li>
        Catalog
      </li>
    </ul>
  </div>
</div>
`;
