// Jest Snapshot v1, https://goo.gl/fbAQLP

exports[`CoursesList tests renders the course list component correctly 1`] = `
<div>
  <div
    class="courseListcontainer"
  >
    <div>
      <div
        class="result"
      >
        <h2>
          Total 2 course(s) for All courses
        </h2>
      </div>
      <ul>
        <li>
          <div
            class="courseItemContainer"
          >
            <div
              class="imageBlock"
            >
              <img
                alt="Java In-Depth: Become a Complete Java Engineer!"
                class="courseImage"
                src="https://img-a.udemycdn.com/course/240x135/358540_d06b_11.jpg?lsaRdWOfyyOFnCz9KovMox34gK-3G6UsnZgjEOeh07Q_SHEe3Z9n9Z02mUXmGQznMKo3pk8Y2Awhe8WDW3S8fcYGnnSGesSt478TTBYn3HmXXfK8qyh5IDV0zhde_w"
              />
            </div>
            <div
              class="corseInfo"
            >
              <a
                href="/courses/170321135754-airport-security-line"
              >
                <h2>
                  Java In-Depth: Become a Complete Java Engineer!
                </h2>
              </a>
              <p
                class="text"
              >
                Comprehensive Java programming course integrated with design principles, best practices & instructor-led Java EE project
              </p>
              <div
                class="instructor"
              >
                Luella Mccall
              </div>
            </div>
          </div>
        </li>
        <li>
          <div
            class="courseItemContainer"
          >
            <div
              class="imageBlock"
            >
              <img
                alt="Web Design for Beginners: Real World Coding in HTML & CSS"
                class="courseImage"
                src="https://img-a.udemycdn.com/course/240x135/246154_d8b0_3.jpg?aBllZUevJOgxDAyfy0KmGxZGoPJu5BLonfU25_WbWPrDrTOdjs_fH1MsvvS8yTLpQlF_h3h1a30AO2th19gZGtFs7_MhHupQB2r8_exSotdvNMZ4n4X90gystipV"
              />
            </div>
            <div
              class="corseInfo"
            >
              <a
                href="/courses/181119170125-ploughgate-creamery-butter-ball"
              >
                <h2>
                  Web Design for Beginners: Real World Coding in HTML & CSS
                </h2>
              </a>
              <p
                class="text"
              >
                Launch a career as a web designer by learning HTML5, CSS3, responsive design, Sass and more!
              </p>
              <div
                class="instructor"
              >
                Kate Farley
              </div>
            </div>
          </div>
        </li>
      </ul>
    </div>
  </div>
</div>
`;

exports[`CoursesList tests renders the course list component correctly when there is no course 1`] = `
<div>
  <div
    class="courseListcontainer"
  >
    <div
      class="warning"
    >
      No relevant Courses! Please search other courses!
    </div>
  </div>
</div>
`;
